// Jest Snapshot v1, https://goo.gl/fbAQLP

exports[`renders Autocomplete with Country label 1`] = `
<div
  className="row"
>
  <div
    className="col s12"
  >
    <div
      className="row"
    >
      <div
        className="input-field col s12"
      >
        <i
          className="material-icons prefix"
        >
          textsms
        </i>
        <input
          className="autocomplete"
          id="autocomplete-input"
          type="text"
        />
        <label
          htmlFor="autocomplete-input"
        >
          Country
        </label>
      </div>
    </div>
  </div>
</div>
`;
